[INFO] Scanning for projects...
[INFO] 
[INFO] ------------------< br.com.printpilot:printpilot-api >------------------
[INFO] Building  0.0.1-SNAPSHOT
[INFO]   from pom.xml
[INFO] --------------------------------[ jar ]---------------------------------
[INFO] 
[INFO] >>> spring-boot:4.1.1:run (default-cli) > test-compile @ printpilot-api >>>
[INFO] 
[INFO] --- resources:3.5.0:resources (default-resources) @ printpilot-api ---
[INFO] Copying 1 resource from src/main/resources to target/classes
[INFO] Copying 8 resources from src/main/resources to target/classes
[INFO] 
[INFO] --- compiler:3.15.0:compile (default-compile) @ printpilot-api ---
[INFO] Nothing to compile - all classes are up to date.
[INFO] 
[INFO] --- resources:3.5.0:testResources (default-testResources) @ printpilot-api ---
[INFO] Copying 1 resource from src/test/resources to target/test-classes
[INFO] 
[INFO] --- compiler:3.15.0:testCompile (default-testCompile) @ printpilot-api ---
[INFO] Nothing to compile - all classes are up to date.
[INFO] 
[INFO] <<< spring-boot:4.1.1:run (default-cli) < test-compile @ printpilot-api <<<
[INFO] 
[INFO] 
[INFO] --- spring-boot:4.1.1:run (default-cli) @ printpilot-api ---
[INFO] Attaching agents: []

  .   ____          _            __ _ _
 /\\ / ___'_ __ _ _(_)_ __  __ _ \ \ \ \
( ( )\___ | '_ | '_| | '_ \/ _` | \ \ \ \
 \\/  ___)| |_)| | | | | || (_| |  ) ) ) )
  '  |____| .__|_| |_|_| |_\__, | / / / /
 =========|_|==============|___/=/_/_/_/

 :: Spring Boot ::                (v4.1.1)

2026-08-26T20:53:58.407-03:00  INFO 301752 --- [printpilot-api] [  restartedMain] b.c.printpilot.PrintpilotApiApplication  : Starting PrintpilotApiApplication using Java 21.0.12 with PID 301752 (/home/srmatheusmaciel/Documentos/Devtools/PrintPilotAi/printpilot-api/target/classes started by srmatheusmaciel in /home/srmatheusmaciel/Documentos/Devtools/PrintPilotAi/printpilot-api)
2026-08-26T20:53:58.410-03:00  INFO 301752 --- [printpilot-api] [  restartedMain] b.c.printpilot.PrintpilotApiApplication  : No active profile set, falling back to 1 default profile: "default"
2026-08-26T20:53:58.476-03:00  INFO 301752 --- [printpilot-api] [  restartedMain] .e.DevToolsPropertyDefaultsPostProcessor : Devtools property defaults active! Set 'spring.devtools.add-properties' to 'false' to disable
2026-08-26T20:53:58.476-03:00  INFO 301752 --- [printpilot-api] [  restartedMain] .e.DevToolsPropertyDefaultsPostProcessor : For additional web related logging consider setting the 'logging.level.web' property to 'DEBUG'
2026-08-26T20:53:59.269-03:00  INFO 301752 --- [printpilot-api] [  restartedMain] .s.d.r.c.RepositoryConfigurationDelegate : Bootstrapping Spring Data JPA repositories in DEFAULT mode.
2026-08-26T20:53:59.330-03:00  INFO 301752 --- [printpilot-api] [  restartedMain] .s.d.r.c.RepositoryConfigurationDelegate : Finished Spring Data repository scanning in 52 ms. Found 7 JPA repository interfaces.
2026-08-26T20:53:59.837-03:00  INFO 301752 --- [printpilot-api] [  restartedMain] o.s.boot.tomcat.TomcatWebServer          : Tomcat initialized with port 8080 (http)
2026-08-26T20:53:59.852-03:00  INFO 301752 --- [printpilot-api] [  restartedMain] o.apache.catalina.core.StandardService   : Starting service [Tomcat]
2026-08-26T20:53:59.853-03:00  INFO 301752 --- [printpilot-api] [  restartedMain] o.apache.catalina.core.StandardEngine    : Starting Servlet engine: [Apache Tomcat/11.0.24]
2026-08-26T20:53:59.892-03:00  INFO 301752 --- [printpilot-api] [  restartedMain] b.w.c.s.WebApplicationContextInitializer : Root WebApplicationContext: initialization completed in 1416 ms
2026-08-26T20:54:00.145-03:00  INFO 301752 --- [printpilot-api] [  restartedMain] com.zaxxer.hikari.HikariDataSource       : HikariPool-1 - Starting...
2026-08-26T20:54:00.319-03:00  INFO 301752 --- [printpilot-api] [  restartedMain] com.zaxxer.hikari.pool.HikariPool        : HikariPool-1 - Added connection org.postgresql.jdbc.PgConnection@76738011
2026-08-26T20:54:00.320-03:00  INFO 301752 --- [printpilot-api] [  restartedMain] com.zaxxer.hikari.HikariDataSource       : HikariPool-1 - Start completed.
2026-08-26T20:54:00.340-03:00  INFO 301752 --- [printpilot-api] [  restartedMain] org.flywaydb.core.FlywayExecutor         : Database: jdbc:postgresql://localhost:5434/printpilot (PostgreSQL 16.9)
2026-08-26T20:54:00.413-03:00  INFO 301752 --- [printpilot-api] [  restartedMain] o.f.core.internal.command.DbValidate     : Successfully validated 8 migrations (execution time 00:00.031s)
2026-08-26T20:54:00.460-03:00  INFO 301752 --- [printpilot-api] [  restartedMain] o.f.core.internal.command.DbMigrate      : Current version of schema "public": 8
2026-08-26T20:54:00.464-03:00  INFO 301752 --- [printpilot-api] [  restartedMain] o.f.core.internal.command.DbMigrate      : Schema "public" is up to date. No migration necessary.
2026-08-26T20:54:00.567-03:00  INFO 301752 --- [printpilot-api] [  restartedMain] org.hibernate.orm.jpa                    : HHH008540: Processing PersistenceUnitInfo [name: default]
2026-08-26T20:54:00.613-03:00  INFO 301752 --- [printpilot-api] [  restartedMain] org.hibernate.orm.core                   : HHH000001: Hibernate ORM core version 7.4.5.Final
2026-08-26T20:54:00.957-03:00  INFO 301752 --- [printpilot-api] [  restartedMain] o.s.o.j.p.SpringPersistenceUnitInfo      : No LoadTimeWeaver setup: ignoring JPA class transformer
2026-08-26T20:54:01.059-03:00  INFO 301752 --- [printpilot-api] [  restartedMain] org.hibernate.orm.connections.pooling    : HHH10001005: Database info:
	Database JDBC URL [jdbc:postgresql://localhost:5434/printpilot]
	Database driver: PostgreSQL JDBC Driver
	Database dialect: PostgreSQLDialect
	Database version: 16.9
	Default catalog/schema: printpilot/public
	Autocommit mode: undefined/unknown
	Isolation level: READ_COMMITTED [default READ_COMMITTED]
	JDBC fetch size: none
	Pool: DataSourceConnectionProvider
	Minimum pool size: undefined/unknown
	Maximum pool size: undefined/unknown
2026-08-26T20:54:01.982-03:00  INFO 301752 --- [printpilot-api] [  restartedMain] org.hibernate.orm.core                   : HHH000489: No JTA platform available (set 'hibernate.transaction.jta.platform' to enable JTA platform integration)
2026-08-26T20:54:01.988-03:00  INFO 301752 --- [printpilot-api] [  restartedMain] j.LocalContainerEntityManagerFactoryBean : Initialized JPA EntityManagerFactory for persistence unit 'default'
2026-08-26T20:54:02.070-03:00  INFO 301752 --- [printpilot-api] [  restartedMain] o.s.d.j.r.query.QueryEnhancerFactories   : Hibernate is in classpath; If applicable, HQL parser will be used.
2026-08-26T20:54:02.778-03:00  INFO 301752 --- [printpilot-api] [  restartedMain] o.s.boot.tomcat.TomcatWebServer          : Tomcat started on port 8080 (http) with context path '/'
2026-08-26T20:54:02.784-03:00  INFO 301752 --- [printpilot-api] [  restartedMain] b.c.printpilot.PrintpilotApiApplication  : Started PrintpilotApiApplication in 4.781 seconds (process running for 5.212)
2026-08-26T20:54:36.861-03:00  INFO 301752 --- [printpilot-api] [nio-8080-exec-1] o.a.c.c.C.[Tomcat].[localhost].[/]       : Initializing Spring DispatcherServlet 'dispatcherServlet'
2026-08-26T20:54:36.861-03:00  INFO 301752 --- [printpilot-api] [nio-8080-exec-1] o.s.web.servlet.DispatcherServlet        : Initializing Servlet 'dispatcherServlet'
2026-08-26T20:54:36.864-03:00  INFO 301752 --- [printpilot-api] [nio-8080-exec-1] o.s.web.servlet.DispatcherServlet        : Completed initialization in 2 ms
2026-08-26T20:54:36.986-03:00  WARN 301752 --- [printpilot-api] [nio-8080-exec-1] o.h.v.i.m.a.CascadingMetaDataBuilder     : HV000271: Using `@Valid` on a container (java.util.List) is deprecated. You should apply the annotation on the type argument(s). Affected element: finishings
2026-08-26T20:54:36.992-03:00  WARN 301752 --- [printpilot-api] [nio-8080-exec-1] o.h.v.i.m.a.CascadingMetaDataBuilder     : HV000271: Using `@Valid` on a container (java.util.List) is deprecated. You should apply the annotation on the type argument(s). Affected element: CreateQuantityQuoteRequest#finishings()
2026-08-26T20:54:36.992-03:00  WARN 301752 --- [printpilot-api] [nio-8080-exec-1] o.h.v.i.m.a.CascadingMetaDataBuilder     : HV000271: Using `@Valid` on a container (java.util.List) is deprecated. You should apply the annotation on the type argument(s). Affected element: CreateQuantityQuoteRequest#br.com.printpilot.dto.quote.CreateQuantityQuoteRequest(Long, Long, Long, Integer, List)
2026-08-26T20:55:57.269-03:00  WARN 301752 --- [printpilot-api] [nio-8080-exec-4] o.h.v.i.m.a.CascadingMetaDataBuilder     : HV000271: Using `@Valid` on a container (java.util.List) is deprecated. You should apply the annotation on the type argument(s). Affected element: AreaQuoteCalculationRequest#finishings()
2026-08-26T20:55:57.270-03:00  WARN 301752 --- [printpilot-api] [nio-8080-exec-4] o.h.v.i.m.a.CascadingMetaDataBuilder     : HV000271: Using `@Valid` on a container (java.util.List) is deprecated. You should apply the annotation on the type argument(s). Affected element: finishings
2026-08-26T20:55:57.271-03:00  WARN 301752 --- [printpilot-api] [nio-8080-exec-4] o.h.v.i.m.a.CascadingMetaDataBuilder     : HV000271: Using `@Valid` on a container (java.util.List) is deprecated. You should apply the annotation on the type argument(s). Affected element: AreaQuoteCalculationRequest#br.com.printpilot.dto.quote.AreaQuoteCalculationRequest(Long, Long, Integer, BigDecimal, BigDecimal, List)
2026-08-26T20:55:57.301-03:00  WARN 301752 --- [printpilot-api] [nio-8080-exec-4] .w.s.m.a.ResponseStatusExceptionResolver : Resolved [org.springframework.web.server.ResponseStatusException: 404 NOT_FOUND "Regra de precificação não encontrada para o produto: Adesivo"]
2026-08-26T20:55:57.358-03:00  WARN 301752 --- [printpilot-api] [nio-8080-exec-5] o.h.v.i.m.a.CascadingMetaDataBuilder     : HV000271: Using `@Valid` on a container (java.util.List) is deprecated. You should apply the annotation on the type argument(s). Affected element: CreateQuoteRequest#finishings()
2026-08-26T20:55:57.359-03:00  WARN 301752 --- [printpilot-api] [nio-8080-exec-5] o.h.v.i.m.a.CascadingMetaDataBuilder     : HV000271: Using `@Valid` on a container (java.util.List) is deprecated. You should apply the annotation on the type argument(s). Affected element: CreateQuoteRequest#br.com.printpilot.dto.quote.CreateQuoteRequest(Long, Long, Long, Integer, BigDecimal, BigDecimal, List)
2026-08-26T20:55:57.360-03:00  WARN 301752 --- [printpilot-api] [nio-8080-exec-5] o.h.v.i.m.a.CascadingMetaDataBuilder     : HV000271: Using `@Valid` on a container (java.util.List) is deprecated. You should apply the annotation on the type argument(s). Affected element: finishings
2026-08-26T20:55:57.370-03:00  WARN 301752 --- [printpilot-api] [nio-8080-exec-5] .w.s.m.a.ResponseStatusExceptionResolver : Resolved [org.springframework.web.server.ResponseStatusException: 404 NOT_FOUND "Regra de precificação não encontrada para o produto: Adesivo"]
2026-08-26T20:58:48.056-03:00  INFO 301752 --- [printpilot-api] [   File Watcher] rtingClassPathChangeChangedEventListener : Restarting due to 74 class path changes (0 additions, 65 deletions, 9 modifications)
2026-08-26T20:58:48.070-03:00  INFO 301752 --- [printpilot-api] [       Thread-1] o.s.boot.tomcat.GracefulShutdown         : Commencing graceful shutdown. Waiting for active requests to complete
2026-08-26T20:58:48.074-03:00  INFO 301752 --- [printpilot-api] [tomcat-shutdown] o.s.boot.tomcat.GracefulShutdown         : Graceful shutdown complete
2026-08-26T20:58:48.079-03:00  INFO 301752 --- [printpilot-api] [       Thread-1] j.LocalContainerEntityManagerFactoryBean : Closing JPA EntityManagerFactory for persistence unit 'default'
2026-08-26T20:58:48.083-03:00  INFO 301752 --- [printpilot-api] [       Thread-1] com.zaxxer.hikari.HikariDataSource       : HikariPool-1 - Shutdown initiated...
2026-08-26T20:58:48.086-03:00  INFO 301752 --- [printpilot-api] [       Thread-1] com.zaxxer.hikari.HikariDataSource       : HikariPool-1 - Shutdown completed.

  .   ____          _            __ _ _
 /\\ / ___'_ __ _ _(_)_ __  __ _ \ \ \ \
( ( )\___ | '_ | '_| | '_ \/ _` | \ \ \ \
 \\/  ___)| |_)| | | | | || (_| |  ) ) ) )
  '  |____| .__|_| |_|_| |_\__, | / / / /
 =========|_|==============|___/=/_/_/_/

 :: Spring Boot ::                (v4.1.1)

2026-08-26T20:58:48.200-03:00  INFO 301752 --- [printpilot-api] [  restartedMain] b.c.printpilot.PrintpilotApiApplication  : Starting PrintpilotApiApplication using Java 21.0.12 with PID 301752 (/home/srmatheusmaciel/Documentos/Devtools/PrintPilotAi/printpilot-api/target/classes started by srmatheusmaciel in /home/srmatheusmaciel/Documentos/Devtools/PrintPilotAi/printpilot-api)
2026-08-26T20:58:48.200-03:00  INFO 301752 --- [printpilot-api] [  restartedMain] b.c.printpilot.PrintpilotApiApplication  : No active profile set, falling back to 1 default profile: "default"
2026-08-26T20:58:48.410-03:00  INFO 301752 --- [printpilot-api] [  restartedMain] .s.d.r.c.RepositoryConfigurationDelegate : Bootstrapping Spring Data JPA repositories in DEFAULT mode.
2026-08-26T20:58:48.412-03:00  INFO 301752 --- [printpilot-api] [  restartedMain] .s.d.r.c.RepositoryConfigurationDelegate : Finished Spring Data repository scanning in 0 ms. Found 0 JPA repository interfaces.
2026-08-26T20:58:48.538-03:00  INFO 301752 --- [printpilot-api] [  restartedMain] o.s.boot.tomcat.TomcatWebServer          : Tomcat initialized with port 8080 (http)
2026-08-26T20:58:48.541-03:00  INFO 301752 --- [printpilot-api] [  restartedMain] o.apache.catalina.core.StandardService   : Starting service [Tomcat]
2026-08-26T20:58:48.541-03:00  INFO 301752 --- [printpilot-api] [  restartedMain] o.apache.catalina.core.StandardEngine    : Starting Servlet engine: [Apache Tomcat/11.0.24]
2026-08-26T20:58:48.560-03:00  INFO 301752 --- [printpilot-api] [  restartedMain] b.w.c.s.WebApplicationContextInitializer : Root WebApplicationContext: initialization completed in 357 ms
2026-08-26T20:58:48.629-03:00  INFO 301752 --- [printpilot-api] [  restartedMain] com.zaxxer.hikari.HikariDataSource       : HikariPool-2 - Starting...
2026-08-26T20:58:48.663-03:00  INFO 301752 --- [printpilot-api] [  restartedMain] com.zaxxer.hikari.pool.HikariPool        : HikariPool-2 - Added connection org.postgresql.jdbc.PgConnection@41dd3fd9
2026-08-26T20:58:48.664-03:00  INFO 301752 --- [printpilot-api] [  restartedMain] com.zaxxer.hikari.HikariDataSource       : HikariPool-2 - Start completed.
2026-08-26T20:58:48.666-03:00  INFO 301752 --- [printpilot-api] [  restartedMain] org.flywaydb.core.FlywayExecutor         : Database: jdbc:postgresql://localhost:5434/printpilot (PostgreSQL 16.9)
2026-08-26T20:58:48.697-03:00  INFO 301752 --- [printpilot-api] [  restartedMain] o.f.core.internal.command.DbValidate     : Successfully validated 8 migrations (execution time 00:00.013s)
2026-08-26T20:58:48.735-03:00  INFO 301752 --- [printpilot-api] [  restartedMain] o.f.core.internal.command.DbMigrate      : Current version of schema "public": 8
2026-08-26T20:58:48.736-03:00  INFO 301752 --- [printpilot-api] [  restartedMain] o.f.core.internal.command.DbMigrate      : Schema "public" is up to date. No migration necessary.
2026-08-26T20:58:48.764-03:00  INFO 301752 --- [printpilot-api] [  restartedMain] org.hibernate.orm.jpa                    : HHH008540: Processing PersistenceUnitInfo [name: default]
2026-08-26T20:58:48.799-03:00  INFO 301752 --- [printpilot-api] [  restartedMain] o.s.o.j.p.SpringPersistenceUnitInfo      : No LoadTimeWeaver setup: ignoring JPA class transformer
2026-08-26T20:58:48.809-03:00  INFO 301752 --- [printpilot-api] [  restartedMain] org.hibernate.orm.connections.pooling    : HHH10001005: Database info:
	Database JDBC URL [jdbc:postgresql://localhost:5434/printpilot]
	Database driver: PostgreSQL JDBC Driver
	Database dialect: PostgreSQLDialect
	Database version: 16.9
	Default catalog/schema: printpilot/public
	Autocommit mode: undefined/unknown
	Isolation level: READ_COMMITTED [default READ_COMMITTED]
	JDBC fetch size: none
	Pool: DataSourceConnectionProvider
	Minimum pool size: undefined/unknown
	Maximum pool size: undefined/unknown
2026-08-26T20:58:48.838-03:00  INFO 301752 --- [printpilot-api] [  restartedMain] org.hibernate.orm.core                   : HHH000489: No JTA platform available (set 'hibernate.transaction.jta.platform' to enable JTA platform integration)
2026-08-26T20:58:48.840-03:00  INFO 301752 --- [printpilot-api] [  restartedMain] j.LocalContainerEntityManagerFactoryBean : Initialized JPA EntityManagerFactory for persistence unit 'default'
2026-08-26T20:58:49.086-03:00  INFO 301752 --- [printpilot-api] [  restartedMain] o.s.boot.tomcat.TomcatWebServer          : Tomcat started on port 8080 (http) with context path '/'
2026-08-26T20:58:49.091-03:00  INFO 301752 --- [printpilot-api] [  restartedMain] b.c.printpilot.PrintpilotApiApplication  : Started PrintpilotApiApplication in 0.919 seconds (process running for 291.518)
2026-08-26T20:58:49.092-03:00  INFO 301752 --- [printpilot-api] [  restartedMain] .ConditionEvaluationDeltaLoggingListener : Condition evaluation unchanged
2026-08-26T20:58:50.470-03:00  INFO 301752 --- [printpilot-api] [   File Watcher] rtingClassPathChangeChangedEventListener : Restarting due to 65 class path changes (65 additions, 0 deletions, 0 modifications)
2026-08-26T20:58:50.472-03:00  INFO 301752 --- [printpilot-api] [       Thread-5] o.s.boot.tomcat.GracefulShutdown         : Commencing graceful shutdown. Waiting for active requests to complete
2026-08-26T20:58:50.473-03:00  INFO 301752 --- [printpilot-api] [tomcat-shutdown] o.s.boot.tomcat.GracefulShutdown         : Graceful shutdown complete
2026-08-26T20:58:50.475-03:00  INFO 301752 --- [printpilot-api] [       Thread-5] j.LocalContainerEntityManagerFactoryBean : Closing JPA EntityManagerFactory for persistence unit 'default'
2026-08-26T20:58:50.476-03:00  INFO 301752 --- [printpilot-api] [       Thread-5] com.zaxxer.hikari.HikariDataSource       : HikariPool-2 - Shutdown initiated...
2026-08-26T20:58:50.477-03:00  INFO 301752 --- [printpilot-api] [       Thread-5] com.zaxxer.hikari.HikariDataSource       : HikariPool-2 - Shutdown completed.

  .   ____          _            __ _ _
 /\\ / ___'_ __ _ _(_)_ __  __ _ \ \ \ \
( ( )\___ | '_ | '_| | '_ \/ _` | \ \ \ \
 \\/  ___)| |_)| | | | | || (_| |  ) ) ) )
  '  |____| .__|_| |_|_| |_\__, | / / / /
 =========|_|==============|___/=/_/_/_/

 :: Spring Boot ::                (v4.1.1)

2026-08-26T20:58:50.564-03:00  INFO 301752 --- [printpilot-api] [  restartedMain] b.c.printpilot.PrintpilotApiApplication  : Starting PrintpilotApiApplication using Java 21.0.12 with PID 301752 (/home/srmatheusmaciel/Documentos/Devtools/PrintPilotAi/printpilot-api/target/classes started by srmatheusmaciel in /home/srmatheusmaciel/Documentos/Devtools/PrintPilotAi/printpilot-api)
2026-08-26T20:58:50.564-03:00  INFO 301752 --- [printpilot-api] [  restartedMain] b.c.printpilot.PrintpilotApiApplication  : No active profile set, falling back to 1 default profile: "default"
2026-08-26T20:58:50.719-03:00  INFO 301752 --- [printpilot-api] [  restartedMain] .s.d.r.c.RepositoryConfigurationDelegate : Bootstrapping Spring Data JPA repositories in DEFAULT mode.
2026-08-26T20:58:50.734-03:00  INFO 301752 --- [printpilot-api] [  restartedMain] .s.d.r.c.RepositoryConfigurationDelegate : Finished Spring Data repository scanning in 13 ms. Found 7 JPA repository interfaces.
2026-08-26T20:58:50.822-03:00  INFO 301752 --- [printpilot-api] [  restartedMain] o.s.boot.tomcat.TomcatWebServer          : Tomcat initialized with port 8080 (http)
2026-08-26T20:58:50.823-03:00  INFO 301752 --- [printpilot-api] [  restartedMain] o.apache.catalina.core.StandardService   : Starting service [Tomcat]
2026-08-26T20:58:50.823-03:00  INFO 301752 --- [printpilot-api] [  restartedMain] o.apache.catalina.core.StandardEngine    : Starting Servlet engine: [Apache Tomcat/11.0.24]
2026-08-26T20:58:50.831-03:00  INFO 301752 --- [printpilot-api] [  restartedMain] b.w.c.s.WebApplicationContextInitializer : Root WebApplicationContext: initialization completed in 265 ms
2026-08-26T20:58:50.871-03:00  INFO 301752 --- [printpilot-api] [  restartedMain] com.zaxxer.hikari.HikariDataSource       : HikariPool-3 - Starting...
2026-08-26T20:58:50.893-03:00  INFO 301752 --- [printpilot-api] [  restartedMain] com.zaxxer.hikari.pool.HikariPool        : HikariPool-3 - Added connection org.postgresql.jdbc.PgConnection@55082bd7
2026-08-26T20:58:50.894-03:00  INFO 301752 --- [printpilot-api] [  restartedMain] com.zaxxer.hikari.HikariDataSource       : HikariPool-3 - Start completed.
2026-08-26T20:58:50.895-03:00  INFO 301752 --- [printpilot-api] [  restartedMain] org.flywaydb.core.FlywayExecutor         : Database: jdbc:postgresql://localhost:5434/printpilot (PostgreSQL 16.9)
2026-08-26T20:58:50.917-03:00  INFO 301752 --- [printpilot-api] [  restartedMain] o.f.core.internal.command.DbValidate     : Successfully validated 8 migrations (execution time 00:00.009s)
2026-08-26T20:58:50.952-03:00  INFO 301752 --- [printpilot-api] [  restartedMain] o.f.core.internal.command.DbMigrate      : Current version of schema "public": 8
2026-08-26T20:58:50.953-03:00  INFO 301752 --- [printpilot-api] [  restartedMain] o.f.core.internal.command.DbMigrate      : Schema "public" is up to date. No migration necessary.
2026-08-26T20:58:50.968-03:00  INFO 301752 --- [printpilot-api] [  restartedMain] org.hibernate.orm.jpa                    : HHH008540: Processing PersistenceUnitInfo [name: default]
2026-08-26T20:58:50.988-03:00  INFO 301752 --- [printpilot-api] [  restartedMain] o.s.o.j.p.SpringPersistenceUnitInfo      : No LoadTimeWeaver setup: ignoring JPA class transformer
2026-08-26T20:58:51.000-03:00  INFO 301752 --- [printpilot-api] [  restartedMain] org.hibernate.orm.connections.pooling    : HHH10001005: Database info:
	Database JDBC URL [jdbc:postgresql://localhost:5434/printpilot]
	Database driver: PostgreSQL JDBC Driver
	Database dialect: PostgreSQLDialect
	Database version: 16.9
	Default catalog/schema: printpilot/public
	Autocommit mode: undefined/unknown
	Isolation level: READ_COMMITTED [default READ_COMMITTED]
	JDBC fetch size: none
	Pool: DataSourceConnectionProvider
	Minimum pool size: undefined/unknown
	Maximum pool size: undefined/unknown
2026-08-26T20:58:51.212-03:00  INFO 301752 --- [printpilot-api] [  restartedMain] org.hibernate.orm.core                   : HHH000489: No JTA platform available (set 'hibernate.transaction.jta.platform' to enable JTA platform integration)
2026-08-26T20:58:51.212-03:00  INFO 301752 --- [printpilot-api] [  restartedMain] j.LocalContainerEntityManagerFactoryBean : Initialized JPA EntityManagerFactory for persistence unit 'default'
2026-08-26T20:58:51.554-03:00  INFO 301752 --- [printpilot-api] [  restartedMain] o.s.boot.tomcat.TomcatWebServer          : Tomcat started on port 8080 (http) with context path '/'
2026-08-26T20:58:51.556-03:00  INFO 301752 --- [printpilot-api] [  restartedMain] b.c.printpilot.PrintpilotApiApplication  : Started PrintpilotApiApplication in 1.015 seconds (process running for 293.984)
2026-08-26T20:58:51.558-03:00  INFO 301752 --- [printpilot-api] [  restartedMain] .ConditionEvaluationDeltaLoggingListener : Condition evaluation unchanged
[INFO] ------------------------------------------------------------------------
[INFO] BUILD FAILURE
[INFO] ------------------------------------------------------------------------
[INFO] Total time:  05:49 min
[INFO] Finished at: 2026-08-26T20:59:45-03:00
[INFO] ------------------------------------------------------------------------
[ERROR] Failed to execute goal org.springframework.boot:spring-boot-maven-plugin:4.1.1:run (default-cli) on project printpilot-api: Process terminated with exit code: 137 -> [Help 1]
[ERROR] 
[ERROR] To see the full stack trace of the errors, re-run Maven with the -e switch.
[ERROR] Re-run Maven using the -X switch to enable full debug logging.
[ERROR] 
[ERROR] For more information about the errors and possible solutions, please read the following articles:
[ERROR] [Help 1] http://cwiki.apache.org/confluence/display/MAVEN/MojoExecutionException
